[2026-04-05 23:54:51,253] httpx - INFO - HTTP Request: GET https://dagshub.com/api/v1/user "HTTP/1.1 200 OK"
[2026-04-05 23:54:51,263] dagshub - INFO - Accessing as vaishnavtannushree
[2026-04-05 23:54:52,168] httpx - INFO - HTTP Request: GET https://dagshub.com/api/v1/repos/vaishnavtannushree/NetworkSecurity "HTTP/1.1 200 OK"
[2026-04-05 23:54:52,988] httpx - INFO - HTTP Request: GET https://dagshub.com/api/v1/user "HTTP/1.1 200 OK"
[2026-04-05 23:54:53,000] dagshub - INFO - Initialized MLflow to track repo "vaishnavtannushree/NetworkSecurity"
[2026-04-05 23:54:53,001] dagshub - INFO - Repository vaishnavtannushree/NetworkSecurity initialized!
[2026-04-05 23:55:07,272] root - INFO - Start data Ingestion
[2026-04-05 23:55:12,130] root - INFO - Performed train test split on the dataframe
[2026-04-05 23:55:12,130] root - INFO - Excited split_data_as_train_test method for Data Ingestion class
[2026-04-05 23:55:12,130] root - INFO - Exporting train and test file path
[2026-04-05 23:55:12,198] root - INFO - Exported train and test file path
[2026-04-05 23:55:12,200] root - INFO - Data Ingestion completed and artifact: DataIngestionArtifact(trained_file_path='Artifacts\\04_05_2026_23_54_41\\data_ingestion\\ingested\\train.csv', test_file_path='Artifacts\\04_05_2026_23_54_41\\data_ingestion\\ingested\\test.csv')
[2026-04-05 23:55:12,206] root - INFO - Initiated data validation
[2026-04-05 23:55:12,229] root - INFO - Required number of columns: 2
[2026-04-05 23:55:12,229] root - INFO - Dataframe has columns: 31
[2026-04-05 23:55:12,229] root - INFO - Required number of columns: 2
[2026-04-05 23:55:12,229] root - INFO - Dataframe has columns: 31
[2026-04-05 23:55:12,408] root - INFO - Entered initiate_data_transformation method of DataTransformation class
[2026-04-05 23:55:12,408] root - INFO - Starting data transformation
[2026-04-05 23:55:12,448] root - INFO - Entered get_data_transformer_object method of DataTransformation class
[2026-04-05 23:55:12,448] root - INFO - Initialized KNNImputer object with parameters: {'missing_values': nan, 'n_neighbors': 3, 'weights': 'uniform'}
[2026-04-05 23:55:12,519] root - INFO - Entered the save_object method of MainUtils class
[2026-04-05 23:55:12,530] root - INFO - Exited the save_object method of MainUtils class
[2026-04-05 23:55:12,530] root - INFO - Entered the save_object method of MainUtils class
[2026-04-05 23:55:12,538] root - INFO - Exited the save_object method of MainUtils class
[2026-04-06 00:01:19,427] root - INFO - Entered the save_object method of MainUtils class
[2026-04-06 00:01:19,486] root - INFO - Exited the save_object method of MainUtils class
[2026-04-06 00:01:19,488] root - INFO - Entered the save_object method of MainUtils class
[2026-04-06 00:01:19,517] root - INFO - Exited the save_object method of MainUtils class
[2026-04-06 00:01:19,519] root - INFO - Model trainer artifact: ModelTrainerArtifact(trained_model_file_path='Artifacts\\04_05_2026_23_54_41\\model_trainer\\trained_model\\model.pkl', train_metric_artifact=ClassificationMetricArtifact(f1_score=0.9916540975364505, precision_score=0.9883744237322108, recall_score=0.994955609362389), test_metric_artifact=ClassificationMetricArtifact(f1_score=0.9742524916943521, precision_score=0.971830985915493, recall_score=0.9766860949208993))
