[2026-04-05 23:36:28,094] httpx - INFO - HTTP Request: GET https://dagshub.com/api/v1/user "HTTP/1.1 200 OK"
[2026-04-05 23:36:28,104] dagshub - INFO - Accessing as vaishnavtannushree
[2026-04-05 23:36:29,318] httpx - INFO - HTTP Request: GET https://dagshub.com/api/v1/repos/vaishnavtannushree/NetworkSecurity "HTTP/1.1 200 OK"
[2026-04-05 23:36:30,345] httpx - INFO - HTTP Request: GET https://dagshub.com/api/v1/user "HTTP/1.1 200 OK"
[2026-04-05 23:36:30,364] dagshub - INFO - Initialized MLflow to track repo "vaishnavtannushree/NetworkSecurity"
[2026-04-05 23:36:30,366] dagshub - INFO - Repository vaishnavtannushree/NetworkSecurity initialized!
[2026-04-05 23:36:33,318] root - INFO - Initiated data ingestion
[2026-04-05 23:36:37,730] root - INFO - Performed train test split on the dataframe
[2026-04-05 23:36:37,730] root - INFO - Excited split_data_as_train_test method for Data Ingestion class
[2026-04-05 23:36:37,730] root - INFO - Exporting train and test file path
[2026-04-05 23:36:37,773] root - INFO - Exported train and test file path
[2026-04-05 23:36:37,777] root - INFO - Data ingestion completed and artifact
[2026-04-05 23:36:37,782] root - INFO - Initiated data validation
[2026-04-05 23:36:37,809] root - INFO - Required number of columns: 2
[2026-04-05 23:36:37,809] root - INFO - Dataframe has columns: 31
[2026-04-05 23:36:37,809] root - INFO - Required number of columns: 2
[2026-04-05 23:36:37,809] root - INFO - Dataframe has columns: 31
[2026-04-05 23:36:37,941] root - INFO - Data validation completed and artifact
[2026-04-05 23:36:37,941] root - INFO - Initiated data transformation
[2026-04-05 23:36:37,941] root - INFO - Entered initiate_data_transformation method of DataTransformation class
[2026-04-05 23:36:37,941] root - INFO - Starting data transformation
[2026-04-05 23:36:37,969] root - INFO - Entered get_data_transformer_object method of DataTransformation class
[2026-04-05 23:36:37,969] root - INFO - Initialized KNNImputer object with parameters: {'missing_values': nan, 'n_neighbors': 3, 'weights': 'uniform'}
[2026-04-05 23:36:37,980] root - INFO - Entered the save_object method of MainUtils class
[2026-04-05 23:36:37,986] root - INFO - Exited the save_object method of MainUtils class
[2026-04-05 23:36:37,986] root - INFO - Entered the save_object method of MainUtils class
[2026-04-05 23:36:37,989] root - INFO - Exited the save_object method of MainUtils class
[2026-04-05 23:36:37,990] root - INFO - Data transformation completed and artifact
[2026-04-05 23:36:37,990] root - INFO - Model Training started
[2026-04-05 23:40:55,360] root - INFO - Entered the save_object method of MainUtils class
[2026-04-05 23:40:55,373] root - INFO - Exited the save_object method of MainUtils class
[2026-04-05 23:40:55,373] root - INFO - Entered the save_object method of MainUtils class
[2026-04-05 23:40:55,381] root - INFO - Exited the save_object method of MainUtils class
[2026-04-05 23:40:55,381] root - INFO - Model trainer artifact: ModelTrainerArtifact(trained_model_file_path='Artifacts\\04_05_2026_23_36_18\\model_trainer\\trained_model\\model.pkl', train_metric_artifact=ClassificationMetricArtifact(f1_score=0.9916557756107369, precision_score=0.9881787216990583, recall_score=0.9951573849878934), test_metric_artifact=ClassificationMetricArtifact(f1_score=0.9739130434782609, precision_score=0.9686985172981878, recall_score=0.9791840133222315))
[2026-04-05 23:40:55,383] root - INFO - Model Training artifact created
